// Jest Snapshot v1, https://goo.gl/fbAQLP

exports[`should render LocaleDropDown correctly 1`] = `
<div
  class="dropdown"
>
  <button
    aria-expanded="false"
    class="nav-link dropdown-toggle btn"
    id="btnLocale"
    type="button"
  >
    <span
      class="flag-icon flag-icon-jp"
    />
    JP
  </button>
</div>
`;
