// Jest Snapshot v1, https://goo.gl/fbAQLP

exports[`should render LocaleDropDown correctly 1`] = `
<Dropdown
  navbar={false}
>
  <DropdownToggle
    bsPrefix="nav-link dropdown-toggle"
    id="btnLocale"
    variant={null}
  >
    <FlagIcon
      code="ru"
    />
    RU
  </DropdownToggle>
  <DropdownMenu
    align="left"
    alignRight={false}
    flip={true}
  >
    <DropdownItem
      as={
        Object {
          "$$typeof": Symbol(react.forward_ref),
          "render": [Function],
        }
      }
      bsPrefix="nav-link"
      disabled={false}
      eventKey="gb"
      key="gb"
      onSelect={[Function]}
    >
      <FlagIcon
        code="gb"
      />
      EN
    </DropdownItem>
  </DropdownMenu>
</Dropdown>
`;
