// Jest Snapshot v1, https://goo.gl/fbAQLP

exports[`should render LocaleDropDown correctly 1`] = `
<Component>
  <Component
    bsPrefix="nav-link dropdown-toggle"
    id="btnLocale"
    variant={null}
  >
    <FlagIcon
      code="ru"
    />
    RU
  </Component>
  <DropdownMenu
    flip={true}
  >
    <Component
      bsPrefix="nav-link"
      eventKey="gb"
      key="gb"
      onClick={[Function]}
    >
      <FlagIcon
        code="gb"
      />
      EN
    </Component>
  </DropdownMenu>
</Component>
`;
