// Jest Snapshot v1, https://goo.gl/fbAQLP

exports[`should render CertificateItem correctly 1`] = `
<Card
  body={false}
>
  <CardHeader>
    <CardImg
      className="me-2"
      src="test-issuer-img"
    />
    test-issuer-name
  </CardHeader>
  <CardBody>
    <CardText>
      <CardLink
        href="test-url"
        rel="noopener noreferrer"
        target="_blank"
      >
        test-title-key
      </CardLink>
    </CardText>
  </CardBody>
  <CardFooter>
    <Connect(DateLocale)
      month={1}
      year={2020}
    />
  </CardFooter>
</Card>
`;
