// Jest Snapshot v1, https://goo.gl/fbAQLP

exports[`should render FooterInfo correctly 1`] = `
<div
  class="social d-flex justify-content-center"
>
  <ul
    class="icon-list"
  >
    <li>
      <img
        alt="Made by fabasoad"
        src="https://img.shields.io/static/v1?label=made%20by&message=fabasoad&color=2c3e50&style=for-the-badge&logo=github"
      />
    </li>
    <li>
      <a
        href="https://www.bitcoinqrcodemaker.com/?style=bitcoin&address=145HwyQAcv4vrzUumJhu7nWGAVBysX9jJH&prefix=on"
        rel="noopener noreferrer"
        target="_blank"
      >
        <img
          alt="Donate with Bitcoin"
          src="https://img.shields.io/badge/bitcoin-donate-yellow?style=flat&logo=bitcoin"
        />
      </a>
    </li>
    <li>
      <span
        class="badge rounded-pill bg-secondary"
      >
        business-card-version
      </span>
    </li>
  </ul>
</div>
`;
