// Jest Snapshot v1, https://goo.gl/fbAQLP

exports[`should render EducationItem correctly 1`] = `
<div
  className="light-component"
  id="education"
>
  <div
    className="container"
  >
    <div
      className="section-title text-center"
    >
      <h2>
        business-card-education-title
      </h2>
      <hr />
    </div>
    <div
      className="row"
    >
      <div
        className="col-lg-12"
      >
        <ul
          className="timeline"
        >
          <li>
            <EducationItem
              from={2009}
              title="business-card-education-university-master"
              to={2010}
            />
          </li>
          <li
            className="timeline-inverted"
          >
            <EducationItem
              from={2005}
              title="business-card-education-university-bachelor"
              to={2009}
            />
          </li>
        </ul>
      </div>
    </div>
  </div>
</div>
`;
