// Jest Snapshot v1, https://goo.gl/fbAQLP

exports[`should render EducationItem correctly 1`] = `
<Fragment>
  <div
    className="timeline-image"
  >
    <h4>
      <Connect(DateLocale)
        year={2020}
      />
      -
      <br />
      <Connect(DateLocale)
        year={2019}
      />
    </h4>
  </div>
  <div
    className="timeline-panel"
  >
    <div
      className="timeline-heading"
    >
      <h4>
        business-card-education-university-title
      </h4>
      <h4
        className="subheading"
      >
        test-title
      </h4>
    </div>
    <div
      className="timeline-body"
    >
      <p>
        business-card-education-university-speciality
      </p>
    </div>
  </div>
</Fragment>
`;
