// Jest Snapshot v1, https://goo.gl/fbAQLP

exports[`should render LanguageLinkItem correctly 1`] = `
<div
  class="mb-4 mx-4"
>
  <span
    class="flag-icon flag-icon-4x flag-icon-gb mx-auto"
  />
  <a
    class="h5 mt-2"
    href="test-url"
    rel="noopener noreferrer"
    target="_blank"
  >
    test-text
  </a>
</div>
`;
