// Jest Snapshot v1, https://goo.gl/fbAQLP

exports[`LanguagesMain should render LanguageItem correctly 1`] = `
<div
  class="light-component"
  id="languages"
>
  <div
    class="section-title text-center center"
  >
    <h2>
      business-card-languages-title
    </h2>
    <hr />
  </div>
  <div
    class="container"
  >
    <div
      class="row"
    >
      <div
        class="language-list col text-center"
      >
        <div
          class="mb-4 mx-4"
        >
          <span
            class="flag-icon flag-icon-4x flag-icon-jp mx-auto"
          />
          <a
            class="h5 mt-2"
            href="https://drive.google.com/file/d/1QHRRPXiYuOKMmNPeqRf6GQQtyGdBkhQ5/view?usp=sharing"
            rel="noopener noreferrer"
            target="_blank"
          >
            JLPT N4
          </a>
        </div>
        <div
          class="mb-4 mx-4"
        >
          <span
            class="flag-icon flag-icon-4x flag-icon-gb mx-auto"
          />
          <a
            class="h5 mt-2"
            href="https://drive.google.com/file/d/1nzM9WQqR7PQpHKDiWvkRYtcNbnRW8-OB/view?usp=sharing"
            rel="noopener noreferrer"
            target="_blank"
          >
            TOEIC 825
          </a>
        </div>
        <div
          class="mb-4 mx-4"
        >
          <span
            class="flag-icon flag-icon-4x flag-icon-ua mx-auto"
          />
          <span
            class="h5 mt-2"
          >
            business-card-languages-native
          </span>
        </div>
      </div>
    </div>
  </div>
</div>
`;
