// Jest Snapshot v1, https://goo.gl/fbAQLP

exports[`should render Badges correctly 1`] = `
<div
  class="light-component"
  id="badges"
>
  <div
    class="section-title text-center center"
  >
    <h2>
      business-card-badges-title
    </h2>
    <hr />
  </div>
  <div
    class="container"
  >
    <div
      class="row"
    >
      <div
        class="col-sm col-md col-lg text-center"
      >
        <a
          href="https://tree-nation.com/profile/digitalocean"
          rel="noopener noreferrer"
          target="_blank"
        >
          <img
            alt="Digital Ocean Forest Badge"
            class="mb-4 mx-4"
            src="test-file-stub"
            title="DigitalOcean Forest 2021"
          />
        </a>
      </div>
    </div>
  </div>
</div>
`;
