// Jest Snapshot v1, https://goo.gl/fbAQLP

exports[`should render Header correctly 1`] = `
<header
  class="header"
  id="header"
>
  <div
    class="header__text"
  >
    <h1>
      <div />
    </h1>
    <h5
      class="header__text-subtitle"
    >
      business-card-header-occupation
    </h5>
    <a
      class="btn btn-primary btn-lg"
      href="#about"
    >
      business-card-header-about-me
    </a>
    <a
      class="btn btn-primary btn-lg"
      href="#portfolio"
    >
      business-card-header-portfolio
    </a>
  </div>
</header>
`;
