// Jest Snapshot v1, https://goo.gl/fbAQLP

exports[`should render LoadingSpinner correctly 1`] = `
<div
  className="loader"
>
  <div
    className="lds-spinner"
  >
    <div />
    <div />
    <div />
    <div />
    <div />
    <div />
    <div />
    <div />
    <div />
    <div />
    <div />
    <div />
  </div>
</div>
`;
