// Jest Snapshot v1, https://goo.gl/fbAQLP

exports[`should render LoadingSpinner correctly 1`] = `
<div
  class="loader"
>
  <div
    class="lds-spinner"
  >
    <div />
    <div />
    <div />
    <div />
    <div />
    <div />
    <div />
    <div />
    <div />
    <div />
    <div />
    <div />
  </div>
</div>
`;
