// Jest Snapshot v1, https://goo.gl/fbAQLP

exports[`should render Resume correctly 1`] = `
<div
  className="light-component"
  id="resume"
>
  <div
    className="section-title text-center center"
  >
    <h2>
      business-card-resume-title
    </h2>
    <hr />
  </div>
  <div
    className="d-flex justify-content-center"
  >
    <Trans
      i18nKey="business-card-resume-message"
    >
      To download my resume please go to my 
      <a
        href="https://www.linkedin.com/in/yevhenfabizhevskyi/"
        rel="noreferrer"
        target="_blank"
      >
        LinkedIn page
      </a>
       and choose More → Save to PDF
    </Trans>
  </div>
</div>
`;
