// Jest Snapshot v1, https://goo.gl/fbAQLP

exports[`should render Resume correctly 1`] = `
<div
  class="light-component"
  id="resume"
>
  <div
    class="section-title text-center center"
  >
    <h2>
      business-card-resume-title
    </h2>
    <hr />
  </div>
  <div
    class="container"
  >
    <div
      class="col text-center"
    >
      <div />
    </div>
  </div>
</div>
`;
