// Jest Snapshot v1, https://goo.gl/fbAQLP

exports[`should render Resume correctly 1`] = `
<div
  className="light-component"
  id="resume"
>
  <div
    className="section-title text-center center"
  >
    <h2>
      business-card-resume-title
    </h2>
    <hr />
  </div>
  <div
    className="d-flex justify-content-center"
  >
    <a
      className="btn btn-primary btn-lg mr-1"
      href="test-file-stub"
      rel="noopener noreferrer"
      target="_blank"
    >
      <i
        className="fas fa-file-pdf"
      />
    </a>
    <a
      className="btn btn-primary btn-lg"
      href="https://drive.google.com/open?id=1RPKIdkOwcD_A4P0ZWQGrlFt5-abcN6-3CBJ7WvM8mc8"
      rel="noopener noreferrer"
      target="_blank"
    >
      <i
        className="fas fa-file-word"
      />
    </a>
  </div>
</div>
`;
