// Jest Snapshot v1, https://goo.gl/fbAQLP

exports[`should render Skills correctly 1`] = `
<div
  class="light-component"
  id="skills"
>
  <div
    class="section-title text-center center"
  >
    <h2>
      business-card-skills-title
    </h2>
    <hr />
  </div>
  <div
    class="container"
  >
    <div
      class="row"
    >
      <div
        class="skills-list col text-center"
      >
        <img
          alt="name-1"
          class="m-4"
          src="img-1"
          title="title-1"
        />
        <img
          alt="name-2"
          class="m-4"
          src="img-2"
          title="title-2"
        />
      </div>
    </div>
  </div>
</div>
`;
