// Jest Snapshot v1, https://goo.gl/fbAQLP

exports[`should render Skills correctly 1`] = `
<div
  className="light-component"
  id="skills"
>
  <div
    className="section-title text-center center"
  >
    <h2>
      business-card-skills-title
    </h2>
    <hr />
  </div>
  <div
    className="container"
  >
    <div
      className="row"
    >
      <div
        className="skills-list col text-center"
      >
        <img
          alt="name-1"
          className="m-4"
          key="test-uuid"
          src="img-1"
          title="title-1"
        />
        <img
          alt="name-2"
          className="m-4"
          key="test-uuid"
          src="img-2"
          title="title-2"
        />
      </div>
    </div>
  </div>
</div>
`;
