// Jest Snapshot v1, https://goo.gl/fbAQLP

exports[`should render AboutMain correctly 1`] = `
<div
  id="about"
>
  <div
    class="container"
  >
    <div
      class="section-title text-center center"
    >
      <h2>
        business-card-about-me-title
      </h2>
      <hr />
    </div>
    <div
      class="row d-flex justify-content-center"
    >
      <div
        class="about-photo col-md-12 d-flex justify-content-center"
      >
        <img
          alt="About me"
          class="about-photo--portrait img-thumbnail"
          src="test-file-stub"
        />
        <img
          alt="Oracle 1Z0-808"
          class="about-photo--badge"
          src="test-file-stub"
        />
      </div>
      <div
        class="col-md-8 col-md-offset-2"
      >
        <ul
          class="mt-3"
        >
          <li>
            business-card-about-me-general-list-item-1
          </li>
          <li>
            business-card-about-me-general-list-item-2
          </li>
          <li>
            business-card-about-me-general-list-item-3
          </li>
          <li>
            business-card-about-me-general-list-item-4
          </li>
          <li>
            business-card-about-me-general-list-item-5
          </li>
          <li>
            business-card-about-me-general-list-item-6
          </li>
          <li>
            business-card-about-me-general-list-item-7
          </li>
          <li>
            business-card-about-me-general-list-item-8
          </li>
          <li>
            business-card-about-me-general-list-item-9
          </li>
          <li>
            business-card-about-me-general-list-item-10
          </li>
          <li>
            business-card-about-me-general-list-item-11
          </li>
          <li>
            business-card-about-me-general-list-item-12
          </li>
          <li>
            business-card-about-me-general-list-item-13
            <ul>
              <li>
                business-card-about-me-general-list-item-14
              </li>
              <li>
                <div />
              </li>
              <li>
                business-card-about-me-general-list-item-16
              </li>
            </ul>
          </li>
          <li>
            business-card-about-me-general-list-item-17
          </li>
        </ul>
      </div>
    </div>
  </div>
</div>
`;
