// Jest Snapshot v1, https://goo.gl/fbAQLP

exports[`should render JobPeriod correctly 1`] = `
<div
  className="timeline-image"
>
  <h4>
    <Connect(DateLocale)
      month={4}
      year={2020}
    />
    - 
    <br />
    <Connect(DateLocale)
      month={1}
      year={2019}
    />
  </h4>
</div>
`;
