// Jest Snapshot v1, https://goo.gl/fbAQLP

exports[`should render JobResponsibilities correctly 1`] = `
<Fragment>
  <h5>
    business-card-experience-responsibilities-title
  </h5>
  <ul
    className="responsibilities"
  >
    <li
      key="some-prefix-1"
    >
      some-prefix-1
      <ul>
        <li
          key="some-prefix-1-1"
        >
          some-prefix-1-1
        </li>
      </ul>
    </li>
  </ul>
</Fragment>
`;
