// Jest Snapshot v1, https://goo.gl/fbAQLP

exports[`should render JobTitle correctly 1`] = `
<div
  className="timeline-heading job-title"
>
  <h4>
    <img
      alt="test-company"
      src="test-logo"
      title="test-company"
    />
    test-company
  </h4>
  <h4
    className="subheading"
  >
    test-title
  </h4>
  <h6>
    test-location
  </h6>
</div>
`;
