// Jest Snapshot v1, https://goo.gl/fbAQLP

exports[`should render JobTechnologies correctly 1`] = `
<div
  className="technologies"
>
  <h5>
    business-card-experience-technologies-title
  </h5>
  <img
    alt="maven"
    key="test-uuid"
    src="test-file-stub"
    title="Maven"
  />
  <img
    alt="java"
    key="test-uuid"
    src="test-file-stub"
    title="Java"
  />
</div>
`;
