// Jest Snapshot v1, https://goo.gl/fbAQLP

exports[`should render PortfolioMain correctly 1`] = `
<div
  id="portfolio"
>
  <div
    class="container"
  >
    <div
      class="section-title text-center center"
    >
      <h2>
        business-card-portfolio-title
      </h2>
      <hr />
    </div>
    <div
      class="row"
    >
      <div
        class="col-sm-6 col-md-3 col-lg-3 web"
      >
        <div
          class="portfolio-item"
        >
          <div
            class="hover-bg text-center"
          >
            <a
              href="https://markets.bitcoin.com/"
              rel="noopener noreferrer"
              target="_blank"
              title="Markets"
            >
              <div
                class="hover-text"
              >
                <h4>
                  business-card-portfolio-markets-title
                </h4>
                <small>
                  business-card-portfolio-markets-subtitle
                </small>
                <i
                  class="fa fa-search"
                />
              </div>
              <img
                alt="Markets"
                class="img-thumbnail"
                src="test-file-stub"
              />
            </a>
          </div>
        </div>
      </div>
      <div
        class="col-sm-6 col-md-3 col-lg-3 web"
      >
        <div
          class="portfolio-item"
        >
          <div
            class="hover-bg text-center"
          >
            <a
              href="https://games.bitcoin.com/"
              rel="noopener noreferrer"
              target="_blank"
              title="Games"
            >
              <div
                class="hover-text"
              >
                <h4>
                  business-card-portfolio-casino-web-app-title
                </h4>
                <small>
                  business-card-portfolio-casino-web-app-subtitle
                </small>
                <i
                  class="fa fa-search"
                />
              </div>
              <img
                alt="Games"
                class="img-thumbnail"
                src="test-file-stub"
              />
            </a>
          </div>
        </div>
      </div>
      <div
        class="col-sm-6 col-md-3 col-lg-3 web"
      >
        <div
          class="portfolio-item"
        >
          <div
            class="hover-bg text-center"
          >
            <a
              href="https://games.bitcoin.com/"
              rel="noopener noreferrer"
              target="_blank"
              title="Games Admin"
            >
              <div
                class="hover-text"
              >
                <h4>
                  business-card-portfolio-casino-admin-web-app-title
                </h4>
                <small>
                  business-card-portfolio-casino-admin-web-app-subtitle
                </small>
                <i
                  class="fa fa-search"
                />
              </div>
              <img
                alt="Games Admin"
                class="img-thumbnail"
                src="test-file-stub"
              />
            </a>
          </div>
        </div>
      </div>
      <div
        class="col-sm-6 col-md-3 col-lg-3 web"
      >
        <div
          class="portfolio-item"
        >
          <div
            class="hover-bg text-center"
          >
            <a
              href="https://games.bitcoin.com/android"
              rel="noopener noreferrer"
              target="_blank"
              title="Games Android"
            >
              <div
                class="hover-text"
              >
                <h4>
                  business-card-portfolio-casino-android-app-title
                </h4>
                <small>
                  business-card-portfolio-casino-android-app-subtitle
                </small>
                <i
                  class="fa fa-search"
                />
              </div>
              <img
                alt="Games Android"
                class="img-thumbnail"
                src="test-file-stub"
              />
            </a>
          </div>
        </div>
      </div>
      <div
        class="col-sm-6 col-md-3 col-lg-3 web"
      >
        <div
          class="portfolio-item"
        >
          <div
            class="hover-bg text-center"
          >
            <a
              href="https://www.earnin.com/"
              rel="noopener noreferrer"
              target="_blank"
              title="Earnin"
            >
              <div
                class="hover-text"
              >
                <h4>
                  business-card-portfolio-earnin-title
                </h4>
                <small>
                  business-card-portfolio-earnin-subtitle
                </small>
                <i
                  class="fa fa-search"
                />
              </div>
              <img
                alt="Earnin"
                class="img-thumbnail"
                src="test-file-stub"
              />
            </a>
          </div>
        </div>
      </div>
      <div
        class="col-sm-6 col-md-3 col-lg-3 web"
      >
        <div
          class="portfolio-item"
        >
          <div
            class="hover-bg text-center"
          >
            <a
              href="https://www.prysm.com/software/iphone-app/"
              rel="noopener noreferrer"
              target="_blank"
              title="Prysm iPhone App"
            >
              <div
                class="hover-text"
              >
                <h4>
                  business-card-portfolio-prysm-title
                </h4>
                <small>
                  business-card-portfolio-prysm-subtitle
                </small>
                <i
                  class="fa fa-search"
                />
              </div>
              <img
                alt="Prysm iPhone App"
                class="img-thumbnail"
                src="test-file-stub"
              />
            </a>
          </div>
        </div>
      </div>
      <div
        class="col-sm-6 col-md-3 col-lg-3 web"
      >
        <div
          class="portfolio-item"
        >
          <div
            class="hover-bg text-center"
          >
            <a
              href="https://drive.google.com/drive/folders/163jhUuVrBCEYQ503sa1Y1M7KG--1gwaj?usp=sharing"
              rel="noopener noreferrer"
              target="_blank"
              title="Southern Marine Agency Website"
            >
              <div
                class="hover-text"
              >
                <h4>
                  business-card-portfolio-sma-title
                </h4>
                <small>
                  business-card-portfolio-sma-subtitle
                </small>
                <i
                  class="fa fa-search"
                />
              </div>
              <img
                alt="Southern Marine Agency Website"
                class="img-thumbnail"
                src="test-file-stub"
              />
            </a>
          </div>
        </div>
      </div>
      <div
        class="col-sm-6 col-md-3 col-lg-3 web"
      >
        <div
          class="portfolio-item"
        >
          <div
            class="hover-bg text-center"
          >
            <a
              href="https://admhelp.microfocus.com/alm/en/12.60/online_help/Content/Admin/sa_robot_toc.htm"
              rel="noopener noreferrer"
              target="_blank"
              title="ALM Robot"
            >
              <div
                class="hover-text"
              >
                <h4>
                  business-card-portfolio-alm-robot-title
                </h4>
                <small>
                  business-card-portfolio-alm-robot-subtitle
                </small>
                <i
                  class="fa fa-search"
                />
              </div>
              <img
                alt="ALM Robot"
                class="img-thumbnail"
                src="test-file-stub"
              />
            </a>
          </div>
        </div>
      </div>
      <div
        class="col-sm-6 col-md-3 col-lg-3 web"
      >
        <div
          class="portfolio-item"
        >
          <div
            class="hover-bg text-center"
          >
            <a
              href="https://www.microfocus.com/en-us/products/application-lifecycle-management/overview"
              rel="noopener noreferrer"
              target="_blank"
              title="ALM"
            >
              <div
                class="hover-text"
              >
                <h4>
                  business-card-portfolio-alm-title
                </h4>
                <small>
                  business-card-portfolio-alm-subtitle
                </small>
                <i
                  class="fa fa-search"
                />
              </div>
              <img
                alt="ALM"
                class="img-thumbnail"
                src="test-file-stub"
              />
            </a>
          </div>
        </div>
      </div>
      <div
        class="col-sm-6 col-md-3 col-lg-3 web"
      >
        <div
          class="portfolio-item"
        >
          <div
            class="hover-bg text-center"
          >
            <a
              href="https://admhelp.microfocus.com/alm/en/12.60/online_help/Content/lm_ag.htm"
              rel="noopener noreferrer"
              target="_blank"
              title="Lab Management"
            >
              <div
                class="hover-text"
              >
                <h4>
                  business-card-portfolio-alm-lab-management-title
                </h4>
                <small>
                  business-card-portfolio-alm-lab-management-subtitle
                </small>
                <i
                  class="fa fa-search"
                />
              </div>
              <img
                alt="Lab Management"
                class="img-thumbnail"
                src="test-file-stub"
              />
            </a>
          </div>
        </div>
      </div>
      <div
        class="col-sm-6 col-md-3 col-lg-3 web"
      >
        <div
          class="portfolio-item"
        >
          <div
            class="hover-bg text-center"
          >
            <a
              href="https://youtu.be/8wTcyZEtQx8"
              rel="noopener noreferrer"
              target="_blank"
              title="Invebstor"
            >
              <div
                class="hover-text"
              >
                <h4>
                  business-card-portfolio-invebstor-title
                </h4>
                <small>
                  business-card-portfolio-invebstor-subtitle
                </small>
                <i
                  class="fa fa-search"
                />
              </div>
              <img
                alt="Invebstor"
                class="img-thumbnail"
                src="test-file-stub"
              />
            </a>
          </div>
        </div>
      </div>
      <div
        class="col-sm-6 col-md-3 col-lg-3 web"
      >
        <div
          class="portfolio-item"
        >
          <div
            class="hover-bg text-center"
          >
            <a
              href="https://youtu.be/eRxTKZ0knsg"
              rel="noopener noreferrer"
              target="_blank"
              title="Work+"
            >
              <div
                class="hover-text"
              >
                <h4>
                  business-card-portfolio-work-plus-title
                </h4>
                <small>
                  business-card-portfolio-work-plus-subtitle
                </small>
                <i
                  class="fa fa-search"
                />
              </div>
              <img
                alt="Work+"
                class="img-thumbnail"
                src="test-file-stub"
              />
            </a>
          </div>
        </div>
      </div>
      <div
        class="col-sm-6 col-md-3 col-lg-3 web"
      >
        <div
          class="portfolio-item"
        >
          <div
            class="hover-bg text-center"
          >
            <a
              href="https://www.arka-media.de/"
              rel="noopener noreferrer"
              target="_blank"
              title="ARKA Website"
            >
              <div
                class="hover-text"
              >
                <h4>
                  business-card-portfolio-arka-title
                </h4>
                <small>
                  business-card-portfolio-arka-subtitle
                </small>
                <i
                  class="fa fa-search"
                />
              </div>
              <img
                alt="ARKA Website"
                class="img-thumbnail"
                src="test-file-stub"
              />
            </a>
          </div>
        </div>
      </div>
      <div
        class="col-sm-6 col-md-3 col-lg-3 web"
      >
        <div
          class="portfolio-item"
        >
          <div
            class="hover-bg text-center"
          >
            <a
              href="https://www.deutsche-lieferadresse.com/"
              rel="noopener noreferrer"
              target="_blank"
              title="Deutsche Lieferadresse Website"
            >
              <div
                class="hover-text"
              >
                <h4>
                  business-card-portfolio-deutsche-lieferadresse-title
                </h4>
                <small>
                  business-card-portfolio-deutsche-lieferadresse-subtitle
                </small>
                <i
                  class="fa fa-search"
                />
              </div>
              <img
                alt="Deutsche Lieferadresse Website"
                class="img-thumbnail"
                src="test-file-stub"
              />
            </a>
          </div>
        </div>
      </div>
      <div
        class="col-sm-6 col-md-3 col-lg-3 web"
      >
        <div
          class="portfolio-item"
        >
          <div
            class="hover-bg text-center"
          >
            <a
              href="http://medisport-garmisch.de/"
              rel="noopener noreferrer"
              target="_blank"
              title="Medisport Website"
            >
              <div
                class="hover-text"
              >
                <h4>
                  business-card-portfolio-medisport-title
                </h4>
                <small>
                  business-card-portfolio-medisport-subtitle
                </small>
                <i
                  class="fa fa-search"
                />
              </div>
              <img
                alt="Medisport Website"
                class="img-thumbnail"
                src="test-file-stub"
              />
            </a>
          </div>
        </div>
      </div>
      <div
        class="col-sm-6 col-md-3 col-lg-3 web"
      >
        <div
          class="portfolio-item"
        >
          <div
            class="hover-bg text-center"
          >
            <a
              href="#portfolio"
              rel="noopener noreferrer"
              target="_blank"
              title="Print & Post Website"
            >
              <div
                class="hover-text"
              >
                <h4>
                  business-card-portfolio-print-and-post-title
                </h4>
                <small>
                  business-card-portfolio-print-and-post-subtitle
                </small>
                <i
                  class="fa fa-search"
                />
              </div>
              <img
                alt="Print & Post Website"
                class="img-thumbnail"
                src="test-file-stub"
              />
            </a>
          </div>
        </div>
      </div>
      <div
        class="col-sm-6 col-md-3 col-lg-3 web"
      >
        <div
          class="portfolio-item"
        >
          <div
            class="hover-bg text-center"
          >
            <a
              href="https://zakupki-de.com.ua/"
              rel="noopener noreferrer"
              target="_blank"
              title="Zakupki Website"
            >
              <div
                class="hover-text"
              >
                <h4>
                  business-card-portfolio-zakupki-title
                </h4>
                <small>
                  business-card-portfolio-zakupki-subtitle
                </small>
                <i
                  class="fa fa-search"
                />
              </div>
              <img
                alt="Zakupki Website"
                class="img-thumbnail"
                src="test-file-stub"
              />
            </a>
          </div>
        </div>
      </div>
    </div>
  </div>
</div>
`;
